
> react-kavia@0.1.0 start
> cross-env EDIT_MODE=true webpack serve --config .ve/webpack.config.js --mode development

<i> [webpack-dev-server] Project is running at:
<i> [webpack-dev-server] Loopback: http://localhost:3000/, http://[::1]:3000/
<i> [webpack-dev-server] On Your Network (IPv4): http://172.17.0.2:3000/
<i> [webpack-dev-server] Content not from webpack is served from './public' directory
Injecting EditorRootWrapper import: ../.ve/EditorRootWrapper
asset bundle.js 1.41 MiB [emitted] (name: main)
asset index.html 1.92 KiB [emitted]
runtime modules 27.5 KiB 14 modules
modules by path ./node_modules/ 1.24 MiB 31 modules
modules by path ./src/ 21.5 KiB
  modules by path ./src/*.css 7.73 KiB 4 modules
  modules by path ./src/*.js 13.8 KiB
    ./src/index.js 530 bytes [built] [code generated]
    + 2 modules
modules by path ./.ve/ 15.1 KiB
  modules by path ./.ve/*.js 10.6 KiB
    ./.ve/EditorRootWrapper.js 2.68 KiB [built] [code generated]
    ./.ve/SidePanel.js 7.93 KiB [built] [code generated]
  modules by path ./.ve/*.css 2.93 KiB
    ./.ve/EditorOverlay.css 2.25 KiB [built] [code generated]
    ./node_modules/css-loader/dist/cjs.js!./.ve/EditorOverlay.css 697 bytes [built] [code generated]
  ./.ve/EditorOverlay.jsx 1.58 KiB [built] [code generated]
webpack 5.99.9 compiled successfully in 1780 ms
assets by status 1.92 KiB [cached] 1 asset
assets by path *.js 1.41 MiB
  asset bundle.js 1.41 MiB [emitted] (name: main)
  asset main.f05b091082014119a569.hot-update.js 5.15 KiB [emitted] [immutable] [hmr] (name: main)
asset main.f05b091082014119a569.hot-update.json 28 bytes [emitted] [immutable] [hmr]
Entrypoint main 1.41 MiB = bundle.js 1.41 MiB main.f05b091082014119a569.hot-update.js 5.15 KiB
cached modules 1.27 MiB [cached] 42 modules
runtime modules 27.5 KiB 14 modules
./node_modules/css-loader/dist/cjs.js!./src/App.css 2.67 KiB [built] [code generated]
webpack 5.99.9 compiled successfully in 128 ms
assets by status 1.92 KiB [cached] 1 asset
assets by path *.js 1.41 MiB
  asset bundle.js 1.41 MiB [emitted] (name: main)
  asset main.c0a91b2de458cce14980.hot-update.js 5.23 KiB [emitted] [immutable] [hmr] (name: main)
asset main.c0a91b2de458cce14980.hot-update.json 28 bytes [emitted] [immutable] [hmr]
Entrypoint main 1.41 MiB = bundle.js 1.41 MiB main.c0a91b2de458cce14980.hot-update.js 5.23 KiB
cached modules 1.27 MiB [cached] 42 modules
runtime modules 27.5 KiB 14 modules
./node_modules/css-loader/dist/cjs.js!./src/App.css 2.75 KiB [built] [code generated]
webpack 5.99.9 compiled successfully in 59 ms
assets by status 1.92 KiB [cached] 1 asset
assets by path *.js 1.41 MiB
  asset bundle.js 1.41 MiB [emitted] (name: main)
  asset main.d4b68ef3e85a77240b63.hot-update.js 5.62 KiB [emitted] [immutable] [hmr] (name: main)
asset main.d4b68ef3e85a77240b63.hot-update.json 28 bytes [emitted] [immutable] [hmr]
Entrypoint main 1.41 MiB = bundle.js 1.41 MiB main.d4b68ef3e85a77240b63.hot-update.js 5.62 KiB
cached modules 1.27 MiB [cached] 42 modules
runtime modules 27.5 KiB 14 modules
./node_modules/css-loader/dist/cjs.js!./src/App.css 3.12 KiB [built] [code generated]
webpack 5.99.9 compiled successfully in 51 ms
assets by status 1.92 KiB [cached] 1 asset
assets by path *.js 1.41 MiB
  asset bundle.js 1.41 MiB [emitted] (name: main)
  asset main.65433b1fb3d2dfde4360.hot-update.js 6.77 KiB [emitted] [immutable] [hmr] (name: main)
asset main.65433b1fb3d2dfde4360.hot-update.json 28 bytes [emitted] [immutable] [hmr]
Entrypoint main 1.41 MiB = bundle.js 1.41 MiB main.65433b1fb3d2dfde4360.hot-update.js 6.77 KiB
cached modules 1.27 MiB [cached] 42 modules
runtime modules 27.5 KiB 14 modules
./node_modules/css-loader/dist/cjs.js!./src/App.css 4.21 KiB [built] [code generated]
webpack 5.99.9 compiled successfully in 47 ms
assets by status 1.92 KiB [cached] 1 asset
assets by path *.js 1.41 MiB
  asset bundle.js 1.41 MiB [emitted] (name: main)
  asset main.044151bc44427cca33b9.hot-update.js 6.82 KiB [emitted] [immutable] [hmr] (name: main)
asset main.044151bc44427cca33b9.hot-update.json 28 bytes [emitted] [immutable] [hmr]
Entrypoint main 1.41 MiB = bundle.js 1.41 MiB main.044151bc44427cca33b9.hot-update.js 6.82 KiB
cached modules 1.27 MiB [cached] 42 modules
runtime modules 27.5 KiB 14 modules
./node_modules/css-loader/dist/cjs.js!./src/App.css 4.26 KiB [built] [code generated]
webpack 5.99.9 compiled successfully in 49 ms
assets by status 1.92 KiB [cached] 1 asset
assets by path *.js 1.43 MiB
  asset bundle.js 1.41 MiB [emitted] (name: main)
  asset main.6b0679c6bed3560a46b3.hot-update.js 18.1 KiB [emitted] [immutable] [hmr] (name: main)
asset main.6b0679c6bed3560a46b3.hot-update.json 28 bytes [emitted] [immutable] [hmr]
Entrypoint main 1.43 MiB = bundle.js 1.41 MiB main.6b0679c6bed3560a46b3.hot-update.js 18.1 KiB
cached modules 1.26 MiB [cached] 42 modules
runtime modules 27.5 KiB 14 modules
./src/MainContainer.js 13.7 KiB [built] [code generated]
webpack 5.99.9 compiled successfully in 143 ms
assets by status 1.92 KiB [cached] 1 asset
assets by path *.js 1.43 MiB
  asset bundle.js 1.41 MiB [emitted] (name: main)
  asset main.043b0d831ee8fdea9971.hot-update.js 18.5 KiB [emitted] [immutable] [hmr] (name: main)
asset main.043b0d831ee8fdea9971.hot-update.json 28 bytes [emitted] [immutable] [hmr]
Entrypoint main 1.43 MiB = bundle.js 1.41 MiB main.043b0d831ee8fdea9971.hot-update.js 18.5 KiB
cached modules 1.26 MiB [cached] 42 modules
runtime modules 27.5 KiB 14 modules
./src/MainContainer.js 14.1 KiB [built] [code generated]
webpack 5.99.9 compiled successfully in 97 ms
assets by status 1.92 KiB [cached] 1 asset
assets by path *.js 1.43 MiB
  asset bundle.js 1.41 MiB [emitted] (name: main)
  asset main.18d5100a31cdec47625c.hot-update.js 19 KiB [emitted] [immutable] [hmr] (name: main)
asset main.18d5100a31cdec47625c.hot-update.json 28 bytes [emitted] [immutable] [hmr]
Entrypoint main 1.43 MiB = bundle.js 1.41 MiB main.18d5100a31cdec47625c.hot-update.js 19 KiB
cached modules 1.26 MiB [cached] 42 modules
runtime modules 27.5 KiB 14 modules
./src/MainContainer.js 14.5 KiB [built] [code generated]
webpack 5.99.9 compiled successfully in 73 ms
assets by status 1.92 KiB [cached] 1 asset
assets by path *.js 1.43 MiB
  asset bundle.js 1.41 MiB [emitted] (name: main)
  asset main.4e17fc01d261627960e0.hot-update.js 19.1 KiB [emitted] [immutable] [hmr] (name: main)
asset main.4e17fc01d261627960e0.hot-update.json 28 bytes [emitted] [immutable] [hmr]
Entrypoint main 1.43 MiB = bundle.js 1.41 MiB main.4e17fc01d261627960e0.hot-update.js 19.1 KiB
cached modules 1.26 MiB [cached] 42 modules
runtime modules 27.5 KiB 14 modules
./src/MainContainer.js 14.6 KiB [built] [code generated]
webpack 5.99.9 compiled successfully in 91 ms
